Juan Lopez,Enjoy Life Set 2.txt,70,37,37,26
Maria Munoz,Enjoy Life Set 2.txt,62,37,37,23
Jessica Korneder,Enjoy Life Set 2.txt,89,37,37,33
Sheila Cornelius,Enjoy Life Set 2.txt,65,37,37,24
Lynne Thibodeau,Enjoy Life Set 2.txt,89,37,37,33
Katie Quinn,Enjoy Life Set 2.txt,84,37,37,31
Tricia-Lee Keller,Enjoy Life Set 2.txt,100,37,37,37
Christina Eppink,Enjoy Life Set 2.txt,70,37,37,26
Bryan Droesch ,Enjoy Life Set 2.txt,76,37,37,28
Bostowreview,Enjoy Life Set 2.txt,100,37,37,37
