Robert Stromer,Enjoy Life Set 3 Taking action.txt,91,46,46,42
Joshua Deutchman,Enjoy Life Set 3 Taking action.txt,100,46,46,46
Kevin Murdock,Enjoy Life Set 3 Taking action.txt,93,46,46,43
darrel,Enjoy Life Set 3 Taking action.txt,87,46,46,40
Rebekah Pavlik,Enjoy Life Set 3 Taking action.txt,89,46,46,41
Zachary Birkenheuer,Enjoy Life Set 3 Taking action.txt,67,46,46,31
Katie Nicholson,Enjoy Life Set 3 Taking action.txt,93,46,46,43
Mary Blaise Turgeon,Enjoy Life Set 3 Taking action.txt,80,46,46,37
Elliott Hockey,Enjoy Life Set 3 Taking action.txt,91,46,46,42
Kevin Matlock,Enjoy Life Set 3 Taking action.txt,93,46,46,43
Hannah Star,Enjoy Life Set 3 Taking action.txt,78,46,46,36
Mikenzie Lee Tremblay ,Enjoy Life Set 3 Taking action.txt,80,46,46,37
aa,Enjoy Life Set 3 Taking action.txt,9,46,11,1
succopca,Enjoy Life Set 3 Taking action.txt,91,46,46,42
Allison Gast,Enjoy Life Set 3 Taking action.txt,85,46,46,39
Amanda Finck,Enjoy Life Set 3 Taking action.txt,46,46,46,21
Darrel E. Bostow,Enjoy Life Set 3 Taking action.txt,93,46,46,43
George Mortimer,Enjoy Life Set 3 Taking action.txt,91,46,46,42
Mark McKenney,Enjoy Life Set 3 Taking action.txt,96,46,46,44
Kendall Warner ,Enjoy Life Set 3 Taking action.txt,78,46,46,36
kennedgh,Enjoy Life Set 3 Taking action.txt,76,46,46,35
Elizabeth Tatlow,Enjoy Life Set 3 Taking action.txt,83,46,46,38
Maili Morales,Enjoy Life Set 3 Taking action.txt,89,46,46,41
nick,Enjoy Life Set 3 Taking action.txt,20,46,46,9
123,Enjoy Life Set 3 Taking action.txt,46,46,46,21
f,Enjoy Life Set 3 Taking action.txt,11,46,46,5
