bostowtest,Enjoy life set 5.txt,1,1,CHAINS,CX,INCORRECT,38,1,0,,Mon Apr 20 12:36:43 2015
bostowtest,Enjoy life set 5.txt,2,1,CHAINS,CHAINS,CORRECT,38,1,0,,Mon Apr 20 12:36:49 2015
bostowtest,Enjoy life set 5.txt,1,2,SELF,SELF,CORRECT,38,2,1,100,Mon Apr 20 12:37:02 2015
bostowtest,Enjoy life set 5.txt,1,3,SELF,SELF,CORRECT,38,3,2,100,Mon Apr 20 12:37:13 2015
bostowtest,Enjoy life set 5.txt,1,4,IMPORTANT,IMPORTANT,CORRECT,38,4,3,100,Mon Apr 20 12:37:26 2015
bostowtest,Enjoy life set 5.txt,1,5,FEEL SELF,FEEL SELF,CORRECT,38,5,4,100,Mon Apr 20 12:37:53 2015
bostowtest,Enjoy life set 5.txt,1,6,CAN,CAN,CORRECT,38,6,5,100,Mon Apr 20 12:38:08 2015
bostowtest,Enjoy life set 5.txt,1,7,FEEL,FEEL,CORRECT,38,7,6,100,Mon Apr 20 12:38:30 2015
bostowtest,Enjoy life set 5.txt,1,8,SOCIAL,SOCIAL,CORRECT,38,8,7,100,Mon Apr 20 12:38:50 2015
bostowtest,Enjoy life set 5.txt,1,9,SOCIAL,SOCIAL,CORRECT,38,9,8,100,Mon Apr 20 12:39:00 2015
bostowtest,Enjoy life set 5.txt,1,10,WAR WINS,WAR WINS,CORRECT,38,10,9,100,Mon Apr 20 12:39:21 2015
bostowtest,Enjoy life set 5.txt,1,11,HELPLESS SMILE,HELPLESS SMILE,CORRECT,38,11,10,100,Mon Apr 20 12:39:45 2015
bostowtest,Enjoy life set 5.txt,1,12,ENVIRONMENTAL,ENVIRONMENTAL,CORRECT,38,12,11,100,Mon Apr 20 12:40:09 2015
bostowtest,Enjoy life set 5.txt,1,13,FACEBOOK,FACEBOOK,CORRECT,38,13,12,100,Mon Apr 20 12:40:21 2015
bostowtest,Enjoy life set 5.txt,1,14,PARENTS,PARENTS,CORRECT,38,14,13,100,Mon Apr 20 12:40:46 2015
bostowtest,Enjoy life set 5.txt,1,15,HOW YOU FEEL,HOW YOU FEEL,CORRECT,38,15,14,100,Mon Apr 20 12:41:25 2015
bostowtest,Enjoy life set 5.txt,1,16,VIDEO,VIDEO,CORRECT,38,16,15,100,Mon Apr 20 12:41:42 2015
bostowtest,Enjoy life set 5.txt,1,17,PERSONALITIES,PERSONALITIES,CORRECT,38,17,16,100,Mon Apr 20 12:42:16 2015
bostowtest,Enjoy life set 5.txt,1,18,TRUE,TRUE,CORRECT,38,18,17,100,Mon Apr 20 12:42:35 2015
bostowtest,Enjoy life set 5.txt,1,19,DO,DO,CORRECT,38,19,18,100,Mon Apr 20 12:42:41 2015
bostowtest,Enjoy life set 5.txt,1,20,SOCIAL,SOCIAL,CORRECT,38,20,19,100,Mon Apr 20 12:42:47 2015
bostowtest,Enjoy life set 5.txt,1,21,REWARDING PUNISHING,REWARDING PUNISHING,CORRECT,38,21,20,100,Mon Apr 20 12:43:06 2015
bostowtest,Enjoy life set 5.txt,1,22,PERSONALITIES,PERSONALITIES,CORRECT,38,22,21,100,Mon Apr 20 12:43:17 2015
bostowtest,Enjoy life set 5.txt,1,23,SOCIAL ENVIRONMENT,SOCIAL ENVIRONMENT,CORRECT,38,23,22,100,Mon Apr 20 12:43:29 2015
bostowtest,Enjoy life set 5.txt,1,24,SOCIAL CLEARER,SOCIAL CLEARER,CORRECT,38,24,23,100,Mon Apr 20 12:43:51 2015
bostowtest,Enjoy life set 5.txt,1,25,PARENT RARELY,PARENT RARELY,CORRECT,38,25,24,100,Mon Apr 20 12:44:22 2015
bostowtest,Enjoy life set 5.txt,1,26,ALONE GUILTY,ALONE GUILTY,CORRECT,38,26,25,100,Mon Apr 20 12:44:55 2015
bostowtest,Enjoy life set 5.txt,1,27,SOCIAL,SOCIAL,CORRECT,38,27,26,100,Mon Apr 20 12:45:02 2015
bostowtest,Enjoy life set 5.txt,1,28,CONSCIENCE,CONSCIENCE,CORRECT,38,28,27,100,Mon Apr 20 12:45:09 2015
bostowtest,Enjoy life set 5.txt,1,29,RARELY EGO,RARELY EGO,CORRECT,38,29,28,100,Mon Apr 20 12:45:46 2015
bostowtest,Enjoy life set 5.txt,1,30,B,B,CORRECT,38,30,29,100,Mon Apr 20 12:45:58 2015
bostowtest,Enjoy life set 5.txt,1,31,VALUES,VALUES,CORRECT,38,31,30,100,Mon Apr 20 12:46:25 2015
bostowtest,Enjoy life set 5.txt,1,32,VALUES,VALUES,CORRECT,38,32,31,100,Mon Apr 20 12:46:48 2015
bostowtest,Enjoy life set 5.txt,1,33,OTHERS SUPER-EGO,OTHERS SUPER-EGO,CORRECT,38,33,32,100,Mon Apr 20 12:47:10 2015
bostowtest,Enjoy life set 5.txt,1,34,SOCIAL,SOCIAL,CORRECT,38,34,33,100,Mon Apr 20 12:47:44 2015
bostowtest,Enjoy life set 5.txt,1,35,VALUES WHAT YOU DO,VALUE WHAT YOU DO,INCORRECT,38,35,34,100,Mon Apr 20 12:48:02 2015
bostowtest,Enjoy life set 5.txt,1,36,FEEL,FEEL,CORRECT,38,36,34,97,Mon Apr 20 12:48:30 2015
bostowtest,Enjoy life set 5.txt,1,37,FEEL MUCH,FEEL MUCH,CORRECT,38,37,35,97,Mon Apr 20 12:49:02 2015
bostowtest,Enjoy life set 5.txt,1,38,SUPER-EGO SOCIAL,SUPER-EGO SOCIAL,CORRECT,38,38,36,97,Mon Apr 20 12:49:44 2015
