Robert Stromer,Enjoy Life Set 2 Cheap thrills.txt,76,37,37,28
Robert Stromer,Enjoy Life Set 2 Cheap thrills.txt,92,37,37,34
Scott Abrahamsen,Enjoy Life Set 2 Cheap thrills.txt,81,37,37,30
john smith,Enjoy Life Set 2 Cheap thrills.txt,84,37,37,31
Joshua Deutchman,Enjoy Life Set 2 Cheap thrills.txt,95,37,37,35
darrel,Enjoy Life Set 2 Cheap thrills.txt,92,37,37,34
Rebekah Pavlik,Enjoy Life Set 2 Cheap thrills.txt,81,37,37,30
Zachary Birkenheuer,Enjoy Life Set 2 Cheap thrills.txt,76,37,37,28
Katie Nicholson,Enjoy Life Set 2 Cheap thrills.txt,89,37,37,33
Mary Blaise Turgeon,Enjoy Life Set 2 Cheap thrills.txt,78,37,37,29
Elliott Hockey,Enjoy Life Set 2 Cheap thrills.txt,81,37,37,30
Ivy Janz,Enjoy Life Set 2 Cheap thrills.txt,81,37,37,30
Kevin Matlock,Enjoy Life Set 2 Cheap thrills.txt,89,37,37,33
Hannah Star,Enjoy Life Set 2 Cheap thrills.txt,70,37,37,26
Mikenzie Lee Tremblay ,Enjoy Life Set 2 Cheap thrills.txt,73,37,37,27
bostow,Enjoy Life Set 2 Cheap thrills.txt,81,37,37,30
Allison Gast,Enjoy Life Set 2 Cheap thrills.txt,86,37,37,32
Polina ,Enjoy Life Set 2 Cheap thrills.txt,62,37,37,23
Darrel E. Bostow,Enjoy Life Set 2 Cheap thrills.txt,95,37,37,35
Mark McKenney,Enjoy Life Set 2 Cheap thrills.txt,81,37,37,30
George Mortimer,Enjoy Life Set 2 Cheap thrills.txt,92,37,37,34
Kendall warner ,Enjoy Life Set 2 Cheap thrills.txt,54,37,37,20
witheelc,Enjoy Life Set 2 Cheap thrills.txt,78,37,37,29
Elizabeth Tatlow,Enjoy Life Set 2 Cheap thrills.txt,89,37,37,33
Maili Morales,Enjoy Life Set 2 Cheap thrills.txt,86,37,37,32
nick,Enjoy Life Set 2 Cheap thrills.txt,32,37,37,12
s,Enjoy Life Set 2 Cheap thrills.txt,11,37,37,4
