Kevin Murdock,Enjoy Life Set 4 Money and Happiness.txt,94,35,35,33
darrel,Enjoy Life Set 4 Money and Happiness.txt,94,35,35,33
Rebekah Pavlik,Enjoy Life Set 4 Money and Happiness.txt,83,35,35,29
Zachary Birkenheuer,Enjoy Life Set 4 Money and Happiness.txt,83,35,35,29
Mary Blaise Turgeon,Enjoy Life Set 4 Money and Happiness.txt,86,35,35,30
Elliott Hockey,Enjoy Life Set 4 Money and Happiness.txt,91,35,35,32
Kevin Matlock,Enjoy Life Set 4 Money and Happiness.txt,89,35,35,31
Hannah Star,Enjoy Life Set 4 Money and Happiness.txt,69,35,35,24
Mikenzie Lee Tremblay ,Enjoy Life Set 4 Money and Happiness.txt,89,35,35,31
aa,Enjoy Life Set 4 Money and Happiness.txt,26,35,35,9
Succopca,Enjoy Life Set 4 Money and Happiness.txt,97,35,35,34
Allison Gast,Enjoy Life Set 4 Money and Happiness.txt,94,35,35,33
Amanda Finck,Enjoy Life Set 4 Money and Happiness.txt,54,35,35,19
George Mortimer,Enjoy Life Set 4 Money and Happiness.txt,89,35,35,31
Mark McKenney,Enjoy Life Set 4 Money and Happiness.txt,91,35,35,32
Darrel E. Bostow,Enjoy Life Set 4 Money and Happiness.txt,97,35,35,34
Kendall Warner ,Enjoy Life Set 4 Money and Happiness.txt,54,35,35,19
kennedgh,Enjoy Life Set 4 Money and Happiness.txt,80,35,35,28
Elizabeth Tatlow,Enjoy Life Set 4 Money and Happiness.txt,63,35,35,22
Maili Morales,Enjoy Life Set 4 Money and Happiness.txt,83,35,35,29
nick,Enjoy Life Set 4 Money and Happiness.txt,23,35,35,8
