BostowtestfridayFebruary20,Enjoy Life Set One.txt,100,20,20,20
June Gregory,Enjoy Life Set One.txt,95,20,20,19
Pat Williams,Enjoy Life Set One.txt,95,20,20,19
Jessica Korneder,Enjoy Life Set One.txt,90,20,20,18
Guy, \"The Bruce\",Enjoy Life Set One.txt,90,20,20,18
Marilee Cuthbert,Enjoy Life Set One.txt,85,20,20,17
Pat D\'Ateno,Enjoy Life Set One.txt,90,20,20,18
Sridhar Aravamudhan,Enjoy Life Set One.txt,100,20,20,20
Laura Stacey,Enjoy Life Set One.txt,100,20,20,20
Brantley Jarvis,Enjoy Life Set One.txt,100,20,20,20
Josh Plavnick,Enjoy Life Set One.txt,95,20,20,19
Mark Ammer,Enjoy Life Set One.txt,95,20,20,19
Smita Awasthi,Enjoy Life Set One.txt,100,20,20,20
Nancy Salinas,Enjoy Life Set One.txt,95,20,20,19
Shana Hornstein,Enjoy Life Set One.txt,90,20,20,18
Andrew McNamara,Enjoy Life Set One.txt,95,20,20,19
Nick Lowther,Enjoy Life Set One.txt,100,20,20,20
Joe Layng,Enjoy Life Set One.txt,75,20,20,15
Maryann Le,Enjoy Life Set One.txt,95,20,20,19
Andrea Hoppock,Enjoy Life Set One.txt,95,20,20,19
Herman de Vries,Enjoy Life Set One.txt,90,20,20,18
Chris Newland,Enjoy Life Set One.txt,75,20,20,15
Todd Jordan,Enjoy Life Set One.txt,85,20,20,17
Kelly McElrath,Enjoy Life Set One.txt,90,20,20,18
Corey Lincoln,Enjoy Life Set One.txt,100,20,20,20
Tom Szabo,Enjoy Life Set One.txt,95,20,20,19
TanyaBaynham,Enjoy Life Set One.txt,85,20,20,17
Viviana Gonzalez,Enjoy Life Set One.txt,85,20,20,17
mike,Enjoy Life Set One.txt,95,20,20,19
Joe Dracobly,Enjoy Life Set One.txt,90,20,20,18
Kate Finch,Enjoy Life Set One.txt,85,20,20,17
Christy Evanko,Enjoy Life Set One.txt,95,20,20,19
CJ CONARD,Enjoy Life Set One.txt,95,20,20,19
Annie McLaughlin,Enjoy Life Set One.txt,95,20,20,19
James Wilson,Enjoy Life Set One.txt,95,20,20,19
Ana Carolina Sella,Enjoy Life Set One.txt,95,20,20,19
Elizabeth Sawyer,Enjoy Life Set One.txt,80,20,20,16
Savana Bak,Enjoy Life Set One.txt,95,20,20,19
Clodagh Murray,Enjoy Life Set One.txt,100,20,20,20
John Lloyd,Enjoy Life Set One.txt,90,20,20,18
Joe Parsons,Enjoy Life Set One.txt,95,20,20,19
Elizaberh Lorah,Enjoy Life Set One.txt,80,20,20,16
Josephine Southwick,Enjoy Life Set One.txt,85,20,20,17
Max Jones,Enjoy Life Set One.txt,100,20,20,20
Allison Gohring,Enjoy Life Set One.txt,95,20,20,19
Suzanne Murphy,Enjoy Life Set One.txt,95,20,20,19
Patrick O\'Leary,Enjoy Life Set One.txt,90,20,20,18
Kathleen Stengel,Enjoy Life Set One.txt,90,20,20,18
Lynne Thibodeau,Enjoy Life Set One.txt,95,20,20,19
Craig Strohmeier,Enjoy Life Set One.txt,90,20,20,18
Elizabeth Damiano,Enjoy Life Set One.txt,100,20,20,20
Marshall Dermer,Enjoy Life Set One.txt,90,20,20,18
Voula Smith,Enjoy Life Set One.txt,90,20,20,18
Rocco Nocera,Enjoy Life Set One.txt,95,20,20,19
Kevin Murdock,Enjoy Life Set One.txt,100,20,20,20
russell maguire,Enjoy Life Set One.txt,85,20,20,17
Christina Eppink,Enjoy Life Set One.txt,95,20,20,19
Gerry Schmidt,Enjoy Life Set One.txt,90,20,20,18
Jo-Anne Smith,Enjoy Life Set One.txt,95,20,20,19
Mark Harvey,Enjoy Life Set One.txt,100,20,20,20
Laura Grubb,Enjoy Life Set One.txt,100,20,20,20
Adriana Gonzalez-Lopez,Enjoy Life Set One.txt,100,20,20,20
Elizabeth Garrison,Enjoy Life Set One.txt,95,20,20,19
hank pennypacker,Enjoy Life Set One.txt,40,20,5,2
Fred Hoots,Enjoy Life Set One.txt,95,20,20,19
Amanda Fisher,Enjoy Life Set One.txt,95,20,20,19
Stephanie Peterson,Enjoy Life Set One.txt,95,20,20,19
John,Enjoy Life Set One.txt,100,20,20,20
Kapwosi,Enjoy Life Set One.txt,95,20,20,19
Frances Perrin,Enjoy Life Set One.txt,100,20,20,20
Suzanne Durepos,Enjoy Life Set One.txt,100,20,20,20
Aimee Giles,Enjoy Life Set One.txt,90,20,20,18
Mandy Mason,Enjoy Life Set One.txt,95,20,20,19
Danielle Gureghian,Enjoy Life Set One.txt,90,20,20,18
Todd McKerchar,Enjoy Life Set One.txt,95,20,20,19
Cody Allen,Enjoy Life Set One.txt,65,20,20,13
David Thomas,Enjoy Life Set One.txt,90,20,20,18
Tracie Lindblad,Enjoy Life Set One.txt,90,20,20,18
Tracie Lindblad,Enjoy Life Set One.txt,90,20,20,18
Lauren Lindblad,Enjoy Life Set One.txt,90,20,20,18
Tammy Frazer,Enjoy Life Set One.txt,90,20,20,18
Helder Gusso,Enjoy Life Set One.txt,40,20,5,2
Mike Hixson,Enjoy Life Set One.txt,85,20,20,17
Zachary Morford,Enjoy Life Set One.txt,90,20,20,18
Joe Vedors,Enjoy Life Set One.txt,85,20,20,17
steph Larson,Enjoy Life Set One.txt,95,20,20,19
Adam Hahs,Enjoy Life Set One.txt,100,20,20,20
Chris Perrin,Enjoy Life Set One.txt,75,20,20,15
Mindy Newhouse,Enjoy Life Set One.txt,95,20,20,19
Tim Weil,Enjoy Life Set One.txt,100,20,20,20
Nicole Groskreutz,Enjoy Life Set One.txt,90,20,20,18
Paige McKerchar,Enjoy Life Set One.txt,95,20,20,19
Kelly Montiel,Enjoy Life Set One.txt,85,20,20,17
Annie Galizio,Enjoy Life Set One.txt,100,20,20,20
Trent Codd,Enjoy Life Set One.txt,95,20,20,19
Nancy Rosenberg,Enjoy Life Set One.txt,100,20,20,20
Blah,Enjoy Life Set One.txt,90,20,20,18
Kristy park,Enjoy Life Set One.txt,75,20,20,15
Melissa Nosik,Enjoy Life Set One.txt,85,20,20,17
Bryan Droesch ,Enjoy Life Set One.txt,90,20,20,18
Penelope Schenkkan,Enjoy Life Set One.txt,90,20,20,18
Anna Munivez,Enjoy Life Set One.txt,85,20,20,17
Bryant Silbaugh,Enjoy Life Set One.txt,95,20,20,19
Michelle Modrich,Enjoy Life Set One.txt,95,20,20,19
Kristin P,Enjoy Life Set One.txt,95,20,20,19
Sarah Trautman-Eslinger,Enjoy Life Set One.txt,85,20,20,17
Kay Rose,Enjoy Life Set One.txt,95,20,20,19
patsi schenkkan ,Enjoy Life Set One.txt,90,20,20,18
Gary Dawson,Enjoy Life Set One.txt,100,20,20,20
Maggie Delaney,Enjoy Life Set One.txt,90,20,20,18
Shawn Happe,Enjoy Life Set One.txt,100,20,20,20
Abj,Enjoy Life Set One.txt,85,20,20,17
Ryan O,Enjoy Life Set One.txt,75,20,20,15
Danis Urban,Enjoy Life Set One.txt,90,20,20,18
corey jo lloyd,Enjoy Life Set One.txt,95,20,20,19
Becca Covert,Enjoy Life Set One.txt,95,20,20,19
Christopher allen,Enjoy Life Set One.txt,85,20,20,17
