Marilee Cuthbert,Enjoy Life Set 5 Your personalities.txt,76,38,38,29
Michael,Enjoy Life Set 5 Your personalities.txt,95,38,38,36
Jessica Korneder ,Enjoy Life Set 5 Your personalities.txt,82,38,38,31
Robert Stromer,Enjoy Life Set 5 Your personalities.txt,79,38,38,30
Voula Smith,Enjoy Life Set 5 Your personalities.txt,89,38,38,34
Michael Cohen,Enjoy Life Set 5 Your personalities.txt,95,38,38,36
Marilee CUthbert,Enjoy Life Set 5 Your personalities.txt,95,38,38,36
Kevin Murdock,Enjoy Life Set 5 Your personalities.txt,97,38,38,37
darrel,Enjoy Life Set 5 Your personalities.txt,89,38,38,34
Rebekah Pavlik,Enjoy Life Set 5 Your personalities.txt,79,38,38,30
Zachary Birkenheuer,Enjoy Life Set 5 Your personalities.txt,63,38,38,24
merry blaze sturgeon,Enjoy Life Set 5 Your personalities.txt,87,38,38,33
Elliott Hockey,Enjoy Life Set 5 Your personalities.txt,87,38,38,33
Ivy Janz,Enjoy Life Set 5 Your personalities.txt,87,38,38,33
Kevin Matlock,Enjoy Life Set 5 Your personalities.txt,92,38,38,35
Hannah Star,Enjoy Life Set 5 Your personalities.txt,58,38,38,22
Mikenzie Lee Tremblay ,Enjoy Life Set 5 Your personalities.txt,74,38,38,28
succopca,Enjoy Life Set 5 Your personalities.txt,95,38,38,36
Allison Gast,Enjoy Life Set 5 Your personalities.txt,87,38,38,33
Amanda Finck,Enjoy Life Set 5 Your personalities.txt,39,38,38,15
Allison Gast,Enjoy Life Set 5 Your personalities.txt,87,38,38,33
George Mortimer,Enjoy Life Set 5 Your personalities.txt,87,38,38,33
Mark McKenney,Enjoy Life Set 5 Your personalities.txt,92,38,38,35
Kendall Warner ,Enjoy Life Set 5 Your personalities.txt,68,38,38,26
witheelc,Enjoy Life Set 5 Your personalities.txt,63,38,38,24
kennedgh,Enjoy Life Set 5 Your personalities.txt,63,38,38,24
Elizabeth Tatlow,Enjoy Life Set 5 Your personalities.txt,71,38,38,27
Maili Morales,Enjoy Life Set 5 Your personalities.txt,82,38,38,31
