Juan Lopez,Enjoy Life Set 3.txt,76,46,46,35
Brantley Jarvis,Enjoy Life Set 3.txt,78,46,46,36
Josephine Southwick,Enjoy Life Set 3.txt,93,46,46,43
Marilee Cuthbert,Enjoy Life Set 3.txt,89,46,46,41
Liz Damiano,Enjoy Life Set 3.txt,89,46,46,41
Annie Galizio,Enjoy Life Set 3.txt,96,46,46,44
Mark Ammer,Enjoy Life Set 3.txt,70,46,46,32
Laura Stacey,Enjoy Life Set 3.txt,93,46,46,43
jessica korneder,Enjoy Life Set 3.txt,80,46,46,37
Voula Smith,Enjoy Life Set 3.txt,93,46,46,43
Sheila Cornelius,Enjoy Life Set 3.txt,80,46,46,37
Nick Lowther,Enjoy Life Set 3.txt,98,46,46,45
Penelope Schenkkan,Enjoy Life Set 3.txt,89,46,46,41
Tricia-Lee Keller,Enjoy Life Set 3.txt,89,46,46,41
Bryan Droesch,Enjoy Life Set 3.txt,91,46,46,42
