Juan Lopez,Enjoy Life Set 1.txt,95,20,20,19
Maria Munoz,Enjoy Life Set 1.txt,85,20,20,17
darrel davis,Enjoy Life Set 1.txt,90,20,20,18
Sheila Cornelius,Enjoy Life Set 1.txt,90,20,20,18
Peter Smith,Enjoy Life Set 1.txt,90,20,20,18
Jenny Lee,Enjoy Life Set 1.txt,90,20,20,18
Jane Dow,Enjoy Life Set 1.txt,95,20,20,19
Cheryl Fielding,Enjoy Life Set 1.txt,75,20,20,15
sara soubliere ,Enjoy Life Set 1.txt,85,20,20,17
Kelsey Ruppel,Enjoy Life Set 1.txt,95,20,20,19
Kristen Stricks,Enjoy Life Set 1.txt,100,20,20,20
Katie Quinn,Enjoy Life Set 1.txt,95,20,20,19
DeAnna Glass,Enjoy Life Set 1.txt,100,20,20,20
Brian Quinn,Enjoy Life Set 1.txt,85,20,20,17
Mary Smith,Enjoy Life Set 1.txt,85,20,20,17
Tricia-Lee Keller,Enjoy Life Set 1.txt,100,20,20,20
dianne,Enjoy Life Set 1.txt,85,20,20,17
Bostowreview,Enjoy Life Set 1.txt,100,20,20,20
