Michael,Enjoy Life Set 4.txt,1,1,TRAPS,TRAPS,CORRECT,35,1,0,,Wed Mar 25 9:59:00 2015
Michael,Enjoy Life Set 4.txt,1,2,TRAPPED,TRAPPED,CORRECT,35,2,1,100,Wed Mar 25 9:59:09 2015
Michael,Enjoy Life Set 4.txt,1,3,SATISFACTION,SATISFACTION,CORRECT,35,3,2,100,Wed Mar 25 9:59:23 2015
Michael,Enjoy Life Set 4.txt,1,4,SATISFACTION SATISFACTION,SATISFACTION SATISFACTION ,CORRECT,35,4,3,100,Wed Mar 25 9:59:41 2015
Michael,Enjoy Life Set 4.txt,1,5,PLEASING,PLEASING,CORRECT,35,5,4,100,Wed Mar 25 9:59:54 2015
Michael,Enjoy Life Set 4.txt,1,6,GOOD,GOOD,CORRECT,35,6,5,100,Wed Mar 25 10:00:05 2015
Michael,Enjoy Life Set 4.txt,1,7,CONSUMPTION,CONSUMPTION,CORRECT,35,7,6,100,Wed Mar 25 10:00:22 2015
Michael,Enjoy Life Set 4.txt,1,8,CONSUMPTION,CONSUMPTION,CORRECT,35,8,7,100,Wed Mar 25 10:00:31 2015
Michael,Enjoy Life Set 4.txt,1,9,COULD NOT,COULD NOT,CORRECT,35,9,8,100,Wed Mar 25 10:00:44 2015
Michael,Enjoy Life Set 4.txt,1,10,LOST,LOST,CORRECT,35,10,9,100,Wed Mar 25 10:00:48 2015
Michael,Enjoy Life Set 4.txt,1,11,MONEY,MONEY,CORRECT,35,11,10,100,Wed Mar 25 10:01:02 2015
Michael,Enjoy Life Set 4.txt,1,12,MONEY,MONEY,CORRECT,35,12,11,100,Wed Mar 25 10:01:43 2015
Michael,Enjoy Life Set 4.txt,1,13,SPECIAL-PURPOSE,SPECIAL-PURPOSE,CORRECT,35,13,12,100,Wed Mar 25 10:01:56 2015
Michael,Enjoy Life Set 4.txt,1,14,COULD NOT,COULD NOT,CORRECT,35,14,13,100,Wed Mar 25 10:02:01 2015
Michael,Enjoy Life Set 4.txt,1,15,MONEY,CONSUMPTION,INCORRECT,35,15,14,100,Wed Mar 25 10:02:14 2015
Michael,Enjoy Life Set 4.txt,1,16,MONEY,MONEY,CORRECT,35,16,14,93,Wed Mar 25 10:02:22 2015
Michael,Enjoy Life Set 4.txt,1,17,NEED,NEED,CORRECT,35,17,15,94,Wed Mar 25 10:02:33 2015
Michael,Enjoy Life Set 4.txt,1,18,B,B,CORRECT,35,18,16,94,Wed Mar 25 10:02:47 2015
Michael,Enjoy Life Set 4.txt,1,19,MONEY,MONEY,CORRECT,35,19,17,94,Wed Mar 25 10:02:53 2015
Michael,Enjoy Life Set 4.txt,1,20,MASTER,MASTER,CORRECT,35,20,18,95,Wed Mar 25 10:03:00 2015
Michael,Enjoy Life Set 4.txt,1,21,PLEASING,PLEASING,CORRECT,35,21,19,95,Wed Mar 25 10:03:27 2015
Michael,Enjoy Life Set 4.txt,1,22,SATISFACTION,SATISFACTION,CORRECT,35,22,20,95,Wed Mar 25 10:03:45 2015
Michael,Enjoy Life Set 4.txt,1,23,WITHOUT,WITHOUT,CORRECT,35,23,21,95,Wed Mar 25 10:04:03 2015
Michael,Enjoy Life Set 4.txt,1,24,SAME,SAME,CORRECT,35,24,22,96,Wed Mar 25 10:04:15 2015
Michael,Enjoy Life Set 4.txt,1,25,SHOVE,SHOVE,CORRECT,35,25,23,96,Wed Mar 25 10:04:23 2015
Michael,Enjoy Life Set 4.txt,1,26,TOO,TOO,CORRECT,35,26,24,96,Wed Mar 25 10:04:29 2015
Michael,Enjoy Life Set 4.txt,1,27,DIRECT,DIRECT,CORRECT,35,27,25,96,Wed Mar 25 10:04:47 2015
Michael,Enjoy Life Set 4.txt,1,28,SATISFACTION,SATISFACTION,CORRECT,35,28,26,96,Wed Mar 25 10:05:11 2015
Michael,Enjoy Life Set 4.txt,1,29,TRUE,TRUE,CORRECT,35,29,27,96,Wed Mar 25 10:05:24 2015
Michael,Enjoy Life Set 4.txt,1,30,REPLACED,REPLACED,CORRECT,35,30,28,97,Wed Mar 25 10:05:39 2015
Michael,Enjoy Life Set 4.txt,1,31,DIRECT SECONDARY,DIRECT SECONDARY,CORRECT,35,31,29,97,Wed Mar 25 10:06:00 2015
Michael,Enjoy Life Set 4.txt,1,32,HABIT TRAP,HABIT HABIT,INCORRECT,35,32,30,97,Wed Mar 25 10:06:43 2015
Michael,Enjoy Life Set 4.txt,2,32,HABIT TRAP,HABIT CULTURE,INCORRECT,35,32,30,97,Wed Mar 25 10:06:49 2015
Michael,Enjoy Life Set 4.txt,1,33,WOULD TRAP,WOULD TRAP,CORRECT,35,33,30,94,Wed Mar 25 10:07:41 2015
Michael,Enjoy Life Set 4.txt,1,34,HAPPINESS,HAPPINESS,CORRECT,35,34,31,94,Wed Mar 25 10:08:04 2015
Michael,Enjoy Life Set 4.txt,1,35,HABITS,HABITS,CORRECT,35,35,32,94,Wed Mar 25 10:10:57 2015
Marilee Cuthbert,Enjoy Life Set 4.txt,1,1,TRAPS,TRAPS,CORRECT,35,1,0,,Wed Mar 25 10:30:32 2015
Marilee Cuthbert,Enjoy Life Set 4.txt,1,2,TRAPPED,TRAPPED,CORRECT,35,2,1,100,Wed Mar 25 10:30:44 2015
Marilee Cuthbert,Enjoy Life Set 4.txt,1,3,SATISFACTION,SUCCESS,INCORRECT,35,3,2,100,Wed Mar 25 10:31:15 2015
Marilee Cuthbert,Enjoy Life Set 4.txt,1,4,SATISFACTION SATISFACTION,SATISFACTION SATISFACTION,CORRECT,35,4,2,67,Wed Mar 25 10:31:44 2015
Marilee Cuthbert,Enjoy Life Set 4.txt,1,5,PLEASING,TEMPORARY,INCORRECT,35,5,3,75,Wed Mar 25 10:32:29 2015
Marilee Cuthbert,Enjoy Life Set 4.txt,1,6,GOOD,ADVISED,INCORRECT,35,6,3,60,Wed Mar 25 10:33:09 2015
Marilee Cuthbert,Enjoy Life Set 4.txt,1,7,CONSUMPTION,SATISFACTION,INCORRECT,35,7,3,50,Wed Mar 25 10:33:31 2015
Marilee Cuthbert,Enjoy Life Set 4.txt,2,7,CONSUMPTION,SUCCESS,INCORRECT,35,7,3,50,Wed Mar 25 10:33:44 2015
Marilee Cuthbert,Enjoy Life Set 4.txt,1,8,CONSUMPTION,CONSUMPTION,CORRECT,35,8,3,43,Wed Mar 25 10:33:51 2015
Marilee Cuthbert,Enjoy Life Set 4.txt,1,9,COULD NOT,COULD NOT,CORRECT,35,9,4,50,Wed Mar 25 10:34:16 2015
Marilee Cuthbert,Enjoy Life Set 4.txt,1,10,LOST,LOST,CORRECT,35,10,5,56,Wed Mar 25 10:34:28 2015
Marilee Cuthbert,Enjoy Life Set 4.txt,1,11,MONEY,MONEY,CORRECT,35,11,6,60,Wed Mar 25 10:34:40 2015
Marilee Cuthbert,Enjoy Life Set 4.txt,1,12,MONEY,CONSUMPTION,INCORRECT,35,12,7,64,Wed Mar 25 10:35:18 2015
Marilee Cuthbert,Enjoy Life Set 4.txt,1,13,SPECIAL-PURPOSE,SPECIAL-PURPOSE,CORRECT,35,13,7,58,Wed Mar 25 10:35:33 2015
Marilee Cuthbert,Enjoy Life Set 4.txt,1,14,COULD NOT,COULD NOT,CORRECT,35,14,8,62,Wed Mar 25 10:35:46 2015
Marilee Cuthbert,Enjoy Life Set 4.txt,1,15,MONEY,MONEY,CORRECT,35,15,9,64,Wed Mar 25 10:35:53 2015
Marilee Cuthbert,Enjoy Life Set 4.txt,1,16,MONEY,MONEY,CORRECT,35,16,10,67,Wed Mar 25 10:36:00 2015
Marilee Cuthbert,Enjoy Life Set 4.txt,1,17,NEED,NEED,CORRECT,35,17,11,69,Wed Mar 25 10:36:09 2015
Marilee Cuthbert,Enjoy Life Set 4.txt,1,18,B,B,CORRECT,35,18,12,71,Wed Mar 25 10:36:27 2015
Marilee Cuthbert,Enjoy Life Set 4.txt,1,19,MONEY,MONEY,CORRECT,35,19,13,72,Wed Mar 25 10:36:37 2015
Marilee Cuthbert,Enjoy Life Set 4.txt,1,20,MASTER,MASTER,CORRECT,35,20,14,74,Wed Mar 25 10:36:53 2015
Marilee Cuthbert,Enjoy Life Set 4.txt,1,21,PLEASING,PLEASING,CORRECT,35,21,15,75,Wed Mar 25 10:37:16 2015
Marilee Cuthbert,Enjoy Life Set 4.txt,1,22,SATISFACTION,SATISFACTION,CORRECT,35,22,16,76,Wed Mar 25 10:37:29 2015
Marilee Cuthbert,Enjoy Life Set 4.txt,1,23,WITHOUT,WITHOUT,CORRECT,35,23,17,77,Wed Mar 25 10:37:39 2015
Brantley Jarvis,Enjoy Life Set 4.txt,1,1,TRAPS,TRAPS,CORRECT,35,1,0,,Wed Mar 25 10:46:21 2015
Brantley Jarvis,Enjoy Life Set 4.txt,1,2,TRAPPED,RAPPED,INCORRECT,35,2,1,100,Wed Mar 25 10:46:33 2015
Brantley Jarvis,Enjoy Life Set 4.txt,1,3,SATISFACTION,SATISFACTION,CORRECT,35,3,1,50,Wed Mar 25 10:47:03 2015
Brantley Jarvis,Enjoy Life Set 4.txt,1,4,SATISFACTION SATISFACTION,CAN\'T RECALL; HAPPINESS,INCORRECT,35,4,2,67,Wed Mar 25 10:47:45 2015
Brantley Jarvis,Enjoy Life Set 4.txt,2,4,SATISFACTION SATISFACTION,CAN\'T RECALL, HAPPINESS,INCORRECT,35,4,2,67,Wed Mar 25 10:47:55 2015
Brantley Jarvis,Enjoy Life Set 4.txt,1,5,PLEASING,PLEASING,CORRECT,35,5,2,50,Wed Mar 25 10:48:19 2015
Brantley Jarvis,Enjoy Life Set 4.txt,1,6,GOOD,GOOD,CORRECT,35,6,3,60,Wed Mar 25 10:48:30 2015
Brantley Jarvis,Enjoy Life Set 4.txt,1,7,CONSUMPTION,HAPINESS,INCORRECT,35,7,4,67,Wed Mar 25 10:48:41 2015
Brantley Jarvis,Enjoy Life Set 4.txt,2,7,CONSUMPTION,SATISFACTION,INCORRECT,35,7,4,67,Wed Mar 25 10:48:43 2015
Brantley Jarvis,Enjoy Life Set 4.txt,1,8,CONSUMPTION,CONSUMPTION,CORRECT,35,8,4,57,Wed Mar 25 10:48:49 2015
Brantley Jarvis,Enjoy Life Set 4.txt,1,9,COULD NOT,COULD NOT,CORRECT,35,9,5,63,Wed Mar 25 10:49:00 2015
Brantley Jarvis,Enjoy Life Set 4.txt,1,10,LOST,LOST,CORRECT,35,10,6,67,Wed Mar 25 10:49:07 2015
Brantley Jarvis,Enjoy Life Set 4.txt,1,11,MONEY,MONEY,CORRECT,35,11,7,70,Wed Mar 25 10:49:13 2015
Marilee Cuthbert,Enjoy Life Set 4.txt,1,24,SAME,SAME,CORRECT,35,24,18,78,Wed Mar 25 10:49:33 2015
Marilee Cuthbert,Enjoy Life Set 4.txt,1,25,SHOVE,SHOVE,CORRECT,35,25,19,79,Wed Mar 25 10:49:39 2015
Brantley Jarvis,Enjoy Life Set 4.txt,1,12,MONEY,SATISFACTION,INCORRECT,35,12,8,73,Wed Mar 25 10:49:40 2015
Marilee Cuthbert,Enjoy Life Set 4.txt,1,26,TOO,TOO,CORRECT,35,26,20,80,Wed Mar 25 10:49:47 2015
Brantley Jarvis,Enjoy Life Set 4.txt,1,13,SPECIAL-PURPOSE,SPECIAL-PURPOSE,CORRECT,35,13,8,67,Wed Mar 25 10:49:58 2015
Marilee Cuthbert,Enjoy Life Set 4.txt,1,27,DIRECT,DIRECT,CORRECT,35,27,21,81,Wed Mar 25 10:50:01 2015
Brantley Jarvis,Enjoy Life Set 4.txt,1,14,COULD NOT,COULD NOT,CORRECT,35,14,9,69,Wed Mar 25 10:50:03 2015
Brantley Jarvis,Enjoy Life Set 4.txt,1,15,MONEY,MONEY,CORRECT,35,15,10,71,Wed Mar 25 10:50:10 2015
Brantley Jarvis,Enjoy Life Set 4.txt,1,16,MONEY,MONEY,CORRECT,35,16,11,73,Wed Mar 25 10:50:14 2015
Brantley Jarvis,Enjoy Life Set 4.txt,1,17,NEED,NEED,CORRECT,35,17,12,75,Wed Mar 25 10:50:23 2015
Marilee Cuthbert,Enjoy Life Set 4.txt,1,28,SATISFACTION,SATISFACTION,CORRECT,35,28,22,81,Wed Mar 25 10:50:33 2015
Brantley Jarvis,Enjoy Life Set 4.txt,1,18,B,B,CORRECT,35,18,13,76,Wed Mar 25 10:50:40 2015
Brantley Jarvis,Enjoy Life Set 4.txt,1,19,MONEY,MONEY,CORRECT,35,19,14,78,Wed Mar 25 10:50:44 2015
Marilee Cuthbert,Enjoy Life Set 4.txt,1,29,TRUE,TRUE,CORRECT,35,29,23,82,Wed Mar 25 10:50:46 2015
Brantley Jarvis,Enjoy Life Set 4.txt,1,20,MASTER,MASTER,CORRECT,35,20,15,79,Wed Mar 25 10:50:50 2015
Brantley Jarvis,Enjoy Life Set 4.txt,1,21,PLEASING,SATISFYING,INCORRECT,35,21,16,80,Wed Mar 25 10:51:10 2015
Brantley Jarvis,Enjoy Life Set 4.txt,2,21,PLEASING,PLEASING,CORRECT,35,21,16,80,Wed Mar 25 10:51:15 2015
Brantley Jarvis,Enjoy Life Set 4.txt,1,22,SATISFACTION,SATISFACTION,CORRECT,35,22,17,81,Wed Mar 25 10:51:29 2015
Marilee Cuthbert,Enjoy Life Set 4.txt,1,30,REPLACED,REPLACED,CORRECT,35,30,24,83,Wed Mar 25 10:51:30 2015
Brantley Jarvis,Enjoy Life Set 4.txt,1,23,WITHOUT,WITHOUT ,CORRECT,35,23,18,82,Wed Mar 25 10:51:35 2015
Brantley Jarvis,Enjoy Life Set 4.txt,1,24,SAME,SAME,CORRECT,35,24,19,83,Wed Mar 25 10:51:45 2015
Marilee Cuthbert,Enjoy Life Set 4.txt,1,31,DIRECT SECONDARY,DIRECT SECONDARY,CORRECT,35,31,25,83,Wed Mar 25 10:51:51 2015
Brantley Jarvis,Enjoy Life Set 4.txt,1,25,SHOVE,SHOVE,CORRECT,35,25,20,83,Wed Mar 25 10:51:51 2015
Brantley Jarvis,Enjoy Life Set 4.txt,1,26,TOO,TOO,CORRECT,35,26,21,84,Wed Mar 25 10:51:58 2015
Brantley Jarvis,Enjoy Life Set 4.txt,1,27,DIRECT,DIRECT,CORRECT,35,27,22,85,Wed Mar 25 10:52:09 2015
Brantley Jarvis,Enjoy Life Set 4.txt,1,28,SATISFACTION,SATISFACTION,CORRECT,35,28,23,85,Wed Mar 25 10:52:21 2015
Brantley Jarvis,Enjoy Life Set 4.txt,1,29,TRUE,TRUE,CORRECT,35,29,24,86,Wed Mar 25 10:52:30 2015
Brantley Jarvis,Enjoy Life Set 4.txt,1,30,REPLACED,REPLACED,CORRECT,35,30,25,86,Wed Mar 25 10:52:38 2015
Brantley Jarvis,Enjoy Life Set 4.txt,1,31,DIRECT SECONDARY,DIRECT SECONDARY,CORRECT,35,31,26,87,Wed Mar 25 10:52:58 2015
Brantley Jarvis,Enjoy Life Set 4.txt,1,32,HABIT TRAP,HABIT TRAP ,CORRECT,35,32,27,87,Wed Mar 25 10:53:27 2015
Marilee Cuthbert,Enjoy Life Set 4.txt,1,32,HABIT TRAP,HABIT TRAP,CORRECT,35,32,26,84,Wed Mar 25 10:53:35 2015
Brantley Jarvis,Enjoy Life Set 4.txt,1,33,WOULD TRAP,WOULD TRAP,CORRECT,35,33,28,88,Wed Mar 25 10:53:57 2015
Marilee Cuthbert,Enjoy Life Set 4.txt,1,33,WOULD TRAP,WOULD TRAP,CORRECT,35,33,27,84,Wed Mar 25 10:54:12 2015
Brantley Jarvis,Enjoy Life Set 4.txt,1,34,HAPPINESS,SATISFACTION ,INCORRECT,35,34,29,88,Wed Mar 25 10:54:16 2015
Marilee Cuthbert,Enjoy Life Set 4.txt,1,34,HAPPINESS,TRAPS,INCORRECT,35,34,28,85,Wed Mar 25 10:54:43 2015
Brantley Jarvis,Enjoy Life Set 4.txt,1,35,HABITS,HABITS,CORRECT,35,35,29,85,Wed Mar 25 10:58:51 2015
Marilee Cuthbert,Enjoy Life Set 4.txt,1,35,HABITS,HABITS,CORRECT,35,35,28,82,Wed Mar 25 10:59:46 2015
Liz Damiano,Enjoy Life Set 4.txt,1,1,TRAPS,TRAPS,CORRECT,35,1,0,,Wed Mar 25 22:58:16 2015
Liz Damiano,Enjoy Life Set 4.txt,1,2,TRAPPED,TRAPPED,CORRECT,35,2,1,100,Wed Mar 25 22:58:32 2015
Liz Damiano,Enjoy Life Set 4.txt,1,3,SATISFACTION,SKILLS,INCORRECT,35,3,2,100,Wed Mar 25 23:01:05 2015
Liz Damiano,Enjoy Life Set 4.txt,1,4,SATISFACTION HAPPINESS,SATISFACTION HAPPINESS,CORRECT,35,4,2,67,Wed Mar 25 23:01:29 2015
Liz Damiano,Enjoy Life Set 4.txt,1,5,PLEASURES,PLEASURES,CORRECT,35,5,3,75,Wed Mar 25 23:01:50 2015
Liz Damiano,Enjoy Life Set 4.txt,1,6,GOOD,GOOD,CORRECT,35,6,4,80,Wed Mar 25 23:02:04 2015
Liz Damiano,Enjoy Life Set 4.txt,1,7,HAPPINESS,HAPPINESS,CORRECT,35,7,5,83,Wed Mar 25 23:02:23 2015
Liz Damiano,Enjoy Life Set 4.txt,1,8,CONSUMPTION,CONSUMPTION,CORRECT,35,8,6,86,Wed Mar 25 23:02:32 2015
Liz Damiano,Enjoy Life Set 4.txt,1,9,COULD NOT,COULD NOT,CORRECT,35,9,7,88,Wed Mar 25 23:02:47 2015
Liz Damiano,Enjoy Life Set 4.txt,1,10,LOST,LOST,CORRECT,35,10,8,89,Wed Mar 25 23:03:01 2015
Liz Damiano,Enjoy Life Set 4.txt,1,11,MONEY,MONEY,CORRECT,35,11,9,90,Wed Mar 25 23:03:17 2015
Liz Damiano,Enjoy Life Set 4.txt,1,12,MONEY,MONEY,CORRECT,35,12,10,91,Wed Mar 25 23:03:32 2015
Liz Damiano,Enjoy Life Set 4.txt,1,13,SPECIAL-PURPOSE,SPECIAL-PURPOSE,CORRECT,35,13,11,92,Wed Mar 25 23:03:47 2015
Liz Damiano,Enjoy Life Set 4.txt,1,14,COULD NOT,COULD NOT,CORRECT,35,14,12,92,Wed Mar 25 23:03:55 2015
Liz Damiano,Enjoy Life Set 4.txt,1,15,MONEY,MONEY,CORRECT,35,15,13,93,Wed Mar 25 23:04:03 2015
Liz Damiano,Enjoy Life Set 4.txt,1,16,MONEY,MONEY,CORRECT,35,16,14,93,Wed Mar 25 23:04:13 2015
Liz Damiano,Enjoy Life Set 4.txt,1,17,NEED,SPEND,INCORRECT,35,17,15,94,Wed Mar 25 23:04:39 2015
Liz Damiano,Enjoy Life Set 4.txt,2,17,NEED,USE,INCORRECT,35,17,15,94,Wed Mar 25 23:04:46 2015
Liz Damiano,Enjoy Life Set 4.txt,1,18,B,B,CORRECT,35,18,15,88,Wed Mar 25 23:05:07 2015
Liz Damiano,Enjoy Life Set 4.txt,1,19,MONEY,MONEY,CORRECT,35,19,16,89,Wed Mar 25 23:05:14 2015
Liz Damiano,Enjoy Life Set 4.txt,1,20,MASTER,MASTER,CORRECT,35,20,17,89,Wed Mar 25 23:05:21 2015
Liz Damiano,Enjoy Life Set 4.txt,1,21,PLEASING,THRILLING,INCORRECT,35,21,18,90,Wed Mar 25 23:05:47 2015
Liz Damiano,Enjoy Life Set 4.txt,2,21,PLEASING,PLEASING,CORRECT,35,21,18,90,Wed Mar 25 23:05:49 2015
Liz Damiano,Enjoy Life Set 4.txt,1,22,SATISFACTION,SATISFACTION,CORRECT,35,22,19,90,Wed Mar 25 23:06:11 2015
Liz Damiano,Enjoy Life Set 4.txt,1,23,WITHOUT,WITHOUT,CORRECT,35,23,20,91,Wed Mar 25 23:06:26 2015
Liz Damiano,Enjoy Life Set 4.txt,1,24,SAME,SAME,CORRECT,35,24,21,91,Wed Mar 25 23:06:47 2015
Liz Damiano,Enjoy Life Set 4.txt,1,25,SHOVE,SHOVE,CORRECT,35,25,22,92,Wed Mar 25 23:06:54 2015
Liz Damiano,Enjoy Life Set 4.txt,1,26,TOO,TOO,CORRECT,35,26,23,92,Wed Mar 25 23:07:00 2015
Liz Damiano,Enjoy Life Set 4.txt,1,27,DIRECT,DIRECT,CORRECT,35,27,24,92,Wed Mar 25 23:07:24 2015
Liz Damiano,Enjoy Life Set 4.txt,1,28,SATISFACTION,SATISFACTION,CORRECT,35,28,25,93,Wed Mar 25 23:07:48 2015
Liz Damiano,Enjoy Life Set 4.txt,1,29,TRUE,TRUE,CORRECT,35,29,26,93,Wed Mar 25 23:08:06 2015
Liz Damiano,Enjoy Life Set 4.txt,1,30,REPLACED,REPLACED,CORRECT,35,30,27,93,Wed Mar 25 23:08:25 2015
Liz Damiano,Enjoy Life Set 4.txt,1,31,DIRECT SECONDARY,DIRECT SECONDARY,CORRECT,35,31,28,93,Wed Mar 25 23:09:13 2015
Liz Damiano,Enjoy Life Set 4.txt,1,32,HABIT TRAP,HABIT TRAP,CORRECT,35,32,29,94,Wed Mar 25 23:10:18 2015
Liz Damiano,Enjoy Life Set 4.txt,1,33,WOULD TRAP,WOULD TRAP,CORRECT,35,33,30,94,Wed Mar 25 23:11:02 2015
Liz Damiano,Enjoy Life Set 4.txt,1,34,HAPPINESS,HAPPINESS,CORRECT,35,34,31,94,Wed Mar 25 23:11:32 2015
Liz Damiano,Enjoy Life Set 4.txt,1,35,HABITS,HABITS,CORRECT,35,35,32,94,Wed Mar 25 23:21:12 2015
Nick Lowther,Enjoy Life Set 4.txt,1,1,TRAPS,TRAPS,CORRECT,35,1,0,,Fri Apr 3 21:36:14 2015
Nick Lowther,Enjoy Life Set 4.txt,1,2,TRAPPED,TRAPPED,CORRECT,35,2,1,100,Fri Apr 3 21:36:41 2015
Nick Lowther,Enjoy Life Set 4.txt,1,3,SATISFACTION,SATISFACTION,CORRECT,35,3,2,100,Fri Apr 3 21:37:06 2015
Nick Lowther,Enjoy Life Set 4.txt,1,4,SATISFACTION SATISFACTION,SATISFACTION SATISFACTION,CORRECT,35,4,3,100,Fri Apr 3 21:37:48 2015
Nick Lowther,Enjoy Life Set 4.txt,1,5,PLEASING,PLEASING,CORRECT,35,5,4,100,Fri Apr 3 21:38:15 2015
Nick Lowther,Enjoy Life Set 4.txt,1,6,VALUED,VALUED,CORRECT,35,6,5,100,Fri Apr 3 21:38:42 2015
Nick Lowther,Enjoy Life Set 4.txt,1,7,CONSUMPTION,SATISFACTION,INCORRECT,35,7,6,100,Fri Apr 3 21:39:25 2015
Nick Lowther,Enjoy Life Set 4.txt,2,7,HAPPINESS,HAPPINESS,CORRECT,35,7,6,100,Fri Apr 3 21:39:30 2015
Nick Lowther,Enjoy Life Set 4.txt,1,8,CONSUMPTION,CONSUMPTION,CORRECT,35,8,7,100,Fri Apr 3 21:39:49 2015
Nick Lowther,Enjoy Life Set 4.txt,1,9,COULD NOT,COULD NOT,CORRECT,35,9,8,100,Fri Apr 3 21:40:27 2015
Nick Lowther,Enjoy Life Set 4.txt,1,10,LOST,LOST,CORRECT,35,10,9,100,Fri Apr 3 21:41:08 2015
Nick Lowther,Enjoy Life Set 4.txt,1,11,MONEY,MONEY,CORRECT,35,11,10,100,Fri Apr 3 21:41:37 2015
Nick Lowther,Enjoy Life Set 4.txt,1,12,MONEY,CONSUMPTION,INCORRECT,35,12,11,100,Fri Apr 3 21:41:57 2015
Nick Lowther,Enjoy Life Set 4.txt,1,13,SPECIAL-PURPOSE,SPECIAL-PURPOSE,CORRECT,35,13,11,92,Fri Apr 3 21:42:19 2015
Nick Lowther,Enjoy Life Set 4.txt,1,14,COULD NOT,COULD NOT,CORRECT,35,14,12,92,Fri Apr 3 21:42:28 2015
Nick Lowther,Enjoy Life Set 4.txt,1,15,MONEY,MONEY,CORRECT,35,15,13,93,Fri Apr 3 21:42:37 2015
Nick Lowther,Enjoy Life Set 4.txt,1,16,MONEY,MONEY,CORRECT,35,16,14,93,Fri Apr 3 21:42:48 2015
Nick Lowther,Enjoy Life Set 4.txt,1,17,NEED,NEED,CORRECT,35,17,15,94,Fri Apr 3 21:43:11 2015
Nick Lowther,Enjoy Life Set 4.txt,1,18,B,B,CORRECT,35,18,16,94,Fri Apr 3 21:43:29 2015
Nick Lowther,Enjoy Life Set 4.txt,1,19,MONEY,MONEY,CORRECT,35,19,17,94,Fri Apr 3 21:43:38 2015
Nick Lowther,Enjoy Life Set 4.txt,1,20,MASTER,MOTIVATOR,INCORRECT,35,20,18,95,Fri Apr 3 21:43:51 2015
Nick Lowther,Enjoy Life Set 4.txt,2,20,MASTER,MASTER,CORRECT,35,20,18,95,Fri Apr 3 21:44:01 2015
Nick Lowther,Enjoy Life Set 4.txt,1,21,PLEASING,PLEASING,CORRECT,35,21,19,95,Fri Apr 3 21:44:34 2015
Nick Lowther,Enjoy Life Set 4.txt,1,22,SATISFACTION,SATISFACTION,CORRECT,35,22,20,95,Fri Apr 3 21:44:56 2015
Nick Lowther,Enjoy Life Set 4.txt,1,23,WITHOUT,WITHOUT,CORRECT,35,23,21,95,Fri Apr 3 21:45:08 2015
Nick Lowther,Enjoy Life Set 4.txt,1,24,SAME,SAME,CORRECT,35,24,22,96,Fri Apr 3 21:45:25 2015
Nick Lowther,Enjoy Life Set 4.txt,1,25,SHOVE,SHOVE,CORRECT,35,25,23,96,Fri Apr 3 21:45:38 2015
Nick Lowther,Enjoy Life Set 4.txt,1,26,TOO,TOO,CORRECT,35,26,24,96,Fri Apr 3 21:45:49 2015
Nick Lowther,Enjoy Life Set 4.txt,1,27,DIRECT,DIRECT,CORRECT,35,27,25,96,Fri Apr 3 21:46:10 2015
Nick Lowther,Enjoy Life Set 4.txt,1,28,SATISFACTION,SATISFACTION,CORRECT,35,28,26,96,Fri Apr 3 21:46:31 2015
Nick Lowther,Enjoy Life Set 4.txt,1,29,TRUE,TRUE,CORRECT,35,29,27,96,Fri Apr 3 21:46:54 2015
Nick Lowther,Enjoy Life Set 4.txt,1,30,REPLACED,REPLACED,CORRECT,35,30,28,97,Fri Apr 3 21:47:09 2015
Nick Lowther,Enjoy Life Set 4.txt,1,31,DIRECT SECONDARY,DIRECT SECONDARY,CORRECT,35,31,29,97,Fri Apr 3 21:47:35 2015
Nick Lowther,Enjoy Life Set 4.txt,1,32,HABIT TRAP,HABIT TRAP,CORRECT,35,32,30,97,Fri Apr 3 21:51:49 2015
Nick Lowther,Enjoy Life Set 4.txt,1,33,WOULD TRAP,WOULD TRAP,CORRECT,35,33,31,97,Fri Apr 3 21:52:38 2015
Nick Lowther,Enjoy Life Set 4.txt,1,34,HAPPINESS,HAPPINESS,CORRECT,35,34,32,97,Fri Apr 3 21:53:12 2015
Nick Lowther,Enjoy Life Set 4.txt,1,35,HABITS,HABITS,CORRECT,35,35,33,97,Fri Apr 3 21:54:26 2015
Penelope Schenkkan,Enjoy Life Set 4.txt,1,1,TRAPS,TRAPS,CORRECT,35,1,0,,Tue Apr 7 18:22:30 2015
Penelope Schenkkan,Enjoy Life Set 4.txt,1,2,TRAPPED,TRAPPED,CORRECT,35,2,1,100,Tue Apr 7 18:22:40 2015
Penelope Schenkkan,Enjoy Life Set 4.txt,1,3,SATISFACTION,SATISFACTION,CORRECT,35,3,2,100,Tue Apr 7 18:22:59 2015
Penelope Schenkkan,Enjoy Life Set 4.txt,1,4,SATISFACTION SATISFACTION,SATISFACTION SATISFACTION,CORRECT,35,4,3,100,Tue Apr 7 18:23:21 2015
Penelope Schenkkan,Enjoy Life Set 4.txt,1,5,PLEASING,PLEASING,CORRECT,35,5,4,100,Tue Apr 7 18:23:33 2015
Penelope Schenkkan,Enjoy Life Set 4.txt,1,6,GOOD,REQUIRED,INCORRECT,35,6,5,100,Tue Apr 7 18:23:43 2015
Penelope Schenkkan,Enjoy Life Set 4.txt,1,7,CONSUMPTION,LIFE,INCORRECT,35,7,5,83,Tue Apr 7 18:23:59 2015
Penelope Schenkkan,Enjoy Life Set 4.txt,2,7,HAPPINESS,HAPPINESS,CORRECT,35,7,5,83,Tue Apr 7 18:24:04 2015
Penelope Schenkkan,Enjoy Life Set 4.txt,1,8,CONSUMPTION,CONSUMPTION,CORRECT,35,8,6,86,Tue Apr 7 18:24:11 2015
Penelope Schenkkan,Enjoy Life Set 4.txt,1,9,COULD NOT,COULD NOT,CORRECT,35,9,7,88,Tue Apr 7 18:24:26 2015
Penelope Schenkkan,Enjoy Life Set 4.txt,1,10,LOST,LOST,CORRECT,35,10,8,89,Tue Apr 7 18:24:35 2015
Penelope Schenkkan,Enjoy Life Set 4.txt,1,11,MONEY,MONEY,CORRECT,35,11,9,90,Tue Apr 7 18:24:47 2015
Penelope Schenkkan,Enjoy Life Set 4.txt,1,12,MONEY,MONEY,CORRECT,35,12,10,91,Tue Apr 7 18:24:56 2015
Penelope Schenkkan,Enjoy Life Set 4.txt,1,13,SPECIAL-PURPOSE,SPECIAL-PURPOSE,CORRECT,35,13,11,92,Tue Apr 7 18:25:11 2015
Penelope Schenkkan,Enjoy Life Set 4.txt,1,14,COULD NOT,COULD NOT,CORRECT,35,14,12,92,Tue Apr 7 18:25:18 2015
Penelope Schenkkan,Enjoy Life Set 4.txt,1,15,MONEY,MONEY,CORRECT,35,15,13,93,Tue Apr 7 18:25:22 2015
Penelope Schenkkan,Enjoy Life Set 4.txt,1,16,MONEY,MONEY,CORRECT,35,16,14,93,Tue Apr 7 18:25:27 2015
Penelope Schenkkan,Enjoy Life Set 4.txt,1,17,NEED,HAVE,INCORRECT,35,17,15,94,Tue Apr 7 18:25:38 2015
Penelope Schenkkan,Enjoy Life Set 4.txt,2,17,NEED,NEED,CORRECT,35,17,15,94,Tue Apr 7 18:25:47 2015
Penelope Schenkkan,Enjoy Life Set 4.txt,1,18,B,B,CORRECT,35,18,16,94,Tue Apr 7 18:25:59 2015
Penelope Schenkkan,Enjoy Life Set 4.txt,1,19,MONEY,MONEY,CORRECT,35,19,17,94,Tue Apr 7 18:26:04 2015
Penelope Schenkkan,Enjoy Life Set 4.txt,1,20,MASTER,MASTER,CORRECT,35,20,18,95,Tue Apr 7 18:26:09 2015
Penelope Schenkkan,Enjoy Life Set 4.txt,1,21,PLEASING,PLEASING,CORRECT,35,21,19,95,Tue Apr 7 18:26:28 2015
Penelope Schenkkan,Enjoy Life Set 4.txt,1,22,SATISFACTION,SATISFACTION,CORRECT,35,22,20,95,Tue Apr 7 18:26:39 2015
Penelope Schenkkan,Enjoy Life Set 4.txt,1,23,WITHOUT,WITHOUT,CORRECT,35,23,21,95,Tue Apr 7 18:26:52 2015
Penelope Schenkkan,Enjoy Life Set 4.txt,1,24,SAME,SAME,CORRECT,35,24,22,96,Tue Apr 7 18:27:03 2015
Penelope Schenkkan,Enjoy Life Set 4.txt,1,25,SHOVE,SHOVE,CORRECT,35,25,23,96,Tue Apr 7 18:27:09 2015
Penelope Schenkkan,Enjoy Life Set 4.txt,1,26,TOO,TOO,CORRECT,35,26,24,96,Tue Apr 7 18:27:22 2015
Penelope Schenkkan,Enjoy Life Set 4.txt,1,27,DIRECT,DIRECT,CORRECT,35,27,25,96,Tue Apr 7 18:27:38 2015
Penelope Schenkkan,Enjoy Life Set 4.txt,1,28,SATISFACTION,SATISFACTION,CORRECT,35,28,26,96,Tue Apr 7 18:28:00 2015
Penelope Schenkkan,Enjoy Life Set 4.txt,1,29,TRUE,TRUE,CORRECT,35,29,27,96,Tue Apr 7 18:37:11 2015
Penelope Schenkkan,Enjoy Life Set 4.txt,1,30,REPLACED,REPLACED,CORRECT,35,30,28,97,Tue Apr 7 18:37:23 2015
Penelope Schenkkan,Enjoy Life Set 4.txt,1,31,DIRECT SECONDARY,DIRECT SECONDARY,CORRECT,35,31,29,97,Tue Apr 7 18:37:52 2015
Penelope Schenkkan,Enjoy Life Set 4.txt,1,32,HABIT TRAP,HABIT TRAP,CORRECT,35,32,30,97,Tue Apr 7 18:38:35 2015
Penelope Schenkkan,Enjoy Life Set 4.txt,1,33,WOULD TRAP,WOULD TRAP,CORRECT,35,33,31,97,Tue Apr 7 18:39:07 2015
Penelope Schenkkan,Enjoy Life Set 4.txt,1,34,HAPPINESS,LIVES,INCORRECT,35,34,32,97,Tue Apr 7 18:39:32 2015
Penelope Schenkkan,Enjoy Life Set 4.txt,1,35,HABITS,HABITS,CORRECT,35,35,32,94,Tue Apr 7 18:41:52 2015
Voula Smith,Enjoy Life Set 4.txt,1,1,TRAPS,TRAPS,CORRECT,35,1,0,,Tue Apr 14 19:36:28 2015
Voula Smith,Enjoy Life Set 4.txt,1,2,TRAPPED,TRAPPED,CORRECT,35,2,1,100,Tue Apr 14 19:36:46 2015
Voula Smith,Enjoy Life Set 4.txt,1,3,SATISFACTION,SATISFACTION,CORRECT,35,3,2,100,Tue Apr 14 19:37:33 2015
Voula Smith,Enjoy Life Set 4.txt,1,4,SATISFACTION HAPPINESS,SATISFACTION HAPPINESS,CORRECT,35,4,3,100,Tue Apr 14 19:38:12 2015
Voula Smith,Enjoy Life Set 4.txt,1,5,PLEASING,THRILLS,INCORRECT,35,5,4,100,Tue Apr 14 19:38:32 2015
Voula Smith,Enjoy Life Set 4.txt,1,6,GOOD,NEED,INCORRECT,35,6,4,80,Tue Apr 14 19:39:06 2015
Voula Smith,Enjoy Life Set 4.txt,1,7,HAPPINESS,HAPPINESS,CORRECT,35,7,4,67,Tue Apr 14 19:39:41 2015
Voula Smith,Enjoy Life Set 4.txt,1,8,CONSUMPTION, CONSUMPTION,CORRECT,35,8,5,71,Tue Apr 14 19:40:01 2015
Voula Smith,Enjoy Life Set 4.txt,1,9,COULD NOT,COULD NOT,CORRECT,35,9,6,75,Tue Apr 14 19:40:18 2015
Voula Smith,Enjoy Life Set 4.txt,1,10,LOST,LOST,CORRECT,35,10,7,78,Tue Apr 14 19:40:35 2015
Voula Smith,Enjoy Life Set 4.txt,1,11,MONEY,MONEY,CORRECT,35,11,8,80,Tue Apr 14 19:40:48 2015
Voula Smith,Enjoy Life Set 4.txt,1,12,MONEY,MONEY,CORRECT,35,12,9,82,Tue Apr 14 19:41:07 2015
Voula Smith,Enjoy Life Set 4.txt,1,13,SPECIAL-PURPOSE,SPECIAL-PURPOSE,CORRECT,35,13,10,83,Tue Apr 14 19:41:35 2015
Voula Smith,Enjoy Life Set 4.txt,1,14,COULD NOT,COULD NOT,CORRECT,35,14,11,85,Tue Apr 14 19:41:45 2015
Voula Smith,Enjoy Life Set 4.txt,1,15,MONEY,MONEY ,CORRECT,35,15,12,86,Tue Apr 14 19:42:06 2015
Voula Smith,Enjoy Life Set 4.txt,1,16,MONEY,MONEY,CORRECT,35,16,13,87,Tue Apr 14 19:42:14 2015
Voula Smith,Enjoy Life Set 4.txt,1,17,NEED,NEED,CORRECT,35,17,14,88,Tue Apr 14 19:42:45 2015
Voula Smith,Enjoy Life Set 4.txt,1,18,B,B,CORRECT,35,18,15,88,Tue Apr 14 19:43:00 2015
Voula Smith,Enjoy Life Set 4.txt,1,19,MONEY,MONEY,CORRECT,35,19,16,89,Tue Apr 14 19:43:10 2015
Voula Smith,Enjoy Life Set 4.txt,1,20,MASTER,MASTER,CORRECT,35,20,17,89,Tue Apr 14 19:43:22 2015
Voula Smith,Enjoy Life Set 4.txt,1,21,PLEASING,PLEASING,CORRECT,35,21,18,90,Tue Apr 14 19:43:52 2015
Voula Smith,Enjoy Life Set 4.txt,1,22,SATISFACTION,SATISFACTION ,CORRECT,35,22,19,90,Tue Apr 14 19:44:12 2015
Voula Smith,Enjoy Life Set 4.txt,1,23,WITHOUT,WITHOUT,CORRECT,35,23,20,91,Tue Apr 14 19:44:27 2015
Voula Smith,Enjoy Life Set 4.txt,1,24,SAME,SAME,CORRECT,35,24,21,91,Tue Apr 14 19:44:46 2015
Voula Smith,Enjoy Life Set 4.txt,1,25,SHOVE,SHOVE,CORRECT,35,25,22,92,Tue Apr 14 19:44:55 2015
Voula Smith,Enjoy Life Set 4.txt,1,26,TOO,TOO,CORRECT,35,26,23,92,Tue Apr 14 19:45:05 2015
Voula Smith,Enjoy Life Set 4.txt,1,27,DIRECT,DIRECT,CORRECT,35,27,24,92,Tue Apr 14 19:45:24 2015
Voula Smith,Enjoy Life Set 4.txt,1,28,SATISFACTION,SATISFACTION ,CORRECT,35,28,25,93,Tue Apr 14 19:45:45 2015
Voula Smith,Enjoy Life Set 4.txt,1,29,TRUE,TRUE,CORRECT,35,29,26,93,Tue Apr 14 19:46:07 2015
Voula Smith,Enjoy Life Set 4.txt,1,30,REPLACED,REPLACED,CORRECT,35,30,27,93,Tue Apr 14 19:46:23 2015
Voula Smith,Enjoy Life Set 4.txt,1,31,DIRECT SECONDARY,DIRECT SECONDARY,CORRECT,35,31,28,93,Tue Apr 14 19:46:53 2015
Voula Smith,Enjoy Life Set 4.txt,1,32,HABIT TRAP,HABIT TRAP,CORRECT,35,32,29,94,Tue Apr 14 19:47:34 2015
Voula Smith,Enjoy Life Set 4.txt,1,33,WOULD TRAP,WOULD TRAP,CORRECT,35,33,30,94,Tue Apr 14 19:49:06 2015
Voula Smith,Enjoy Life Set 4.txt,1,34,HAPPINESS,LIVES,INCORRECT,35,34,31,94,Tue Apr 14 19:49:36 2015
Voula Smith,Enjoy Life Set 4.txt,1,35,HABITS,HABITS,CORRECT,35,35,31,91,Tue Apr 14 19:50:20 2015
Jessica Korneder ,Enjoy Life Set 4.txt,1,1,TRAPS,TRAPS,CORRECT,35,1,0,,Wed Apr 15 19:02:51 2015
Jessica Korneder ,Enjoy Life Set 4.txt,1,2,TRAPPED,TRAPPED,CORRECT,35,2,1,100,Wed Apr 15 19:03:09 2015
Jessica Korneder ,Enjoy Life Set 4.txt,1,3,SATISFACTION,SKILLS,INCORRECT,35,3,2,100,Wed Apr 15 19:04:17 2015
Jessica Korneder ,Enjoy Life Set 4.txt,1,4,SATISFACTION SATISFACTION,SATISFACTION SATISFACTION,CORRECT,35,4,2,67,Wed Apr 15 19:04:55 2015
Jessica Korneder ,Enjoy Life Set 4.txt,1,5,PLEASING,TRAPS,INCORRECT,35,5,3,75,Wed Apr 15 19:05:27 2015
Jessica Korneder ,Enjoy Life Set 4.txt,1,6,GOOD,NEEDED,INCORRECT,35,6,3,60,Wed Apr 15 19:07:24 2015
Jessica Korneder ,Enjoy Life Set 4.txt,1,7,CONSUMPTION,SATISFACTION,INCORRECT,35,7,3,50,Wed Apr 15 19:07:50 2015
Jessica Korneder ,Enjoy Life Set 4.txt,2,7,HAPPINESS,HAPPINESS,CORRECT,35,7,3,50,Wed Apr 15 19:08:25 2015
Jessica Korneder ,Enjoy Life Set 4.txt,1,8,CONSUMPTION,CONSUMPTION,CORRECT,35,8,4,57,Wed Apr 15 19:08:36 2015
Jessica Korneder ,Enjoy Life Set 4.txt,1,9,COULD NOT,COULD NOT,CORRECT,35,9,5,63,Wed Apr 15 19:08:54 2015
Jessica Korneder ,Enjoy Life Set 4.txt,1,10,LOST,LOST,CORRECT,35,10,6,67,Wed Apr 15 19:10:53 2015
Jessica Korneder ,Enjoy Life Set 4.txt,1,11,MONEY,MONEY,CORRECT,35,11,7,70,Wed Apr 15 19:11:08 2015
Jessica Korneder ,Enjoy Life Set 4.txt,1,12,MONEY,MONEY,CORRECT,35,12,8,73,Wed Apr 15 19:11:21 2015
Jessica Korneder ,Enjoy Life Set 4.txt,1,13,SPECIAL-PURPOSE,ALL-PURPOSE,INCORRECT,35,13,9,75,Wed Apr 15 19:12:01 2015
Jessica Korneder ,Enjoy Life Set 4.txt,1,14,COULD NOT,COULD NOT,CORRECT,35,14,9,69,Wed Apr 15 19:12:21 2015
Jessica Korneder ,Enjoy Life Set 4.txt,1,15,MONEY,MONEY,CORRECT,35,15,10,71,Wed Apr 15 19:12:36 2015
Jessica Korneder ,Enjoy Life Set 4.txt,1,16,MONEY,MONEY,CORRECT,35,16,11,73,Wed Apr 15 19:13:01 2015
Jessica Korneder ,Enjoy Life Set 4.txt,1,17,NEED,NEED,CORRECT,35,17,12,75,Wed Apr 15 19:13:24 2015
Jessica Korneder ,Enjoy Life Set 4.txt,1,18,B,B,CORRECT,35,18,13,76,Wed Apr 15 19:13:44 2015
Jessica Korneder ,Enjoy Life Set 4.txt,1,19,MONEY,MONEY,CORRECT,35,19,14,78,Wed Apr 15 19:13:51 2015
Jessica Korneder ,Enjoy Life Set 4.txt,1,20,MASTER,MAKER,INCORRECT,35,20,15,79,Wed Apr 15 19:14:09 2015
Jessica Korneder ,Enjoy Life Set 4.txt,2,20,MASTER,MOVER,INCORRECT,35,20,15,79,Wed Apr 15 19:14:17 2015
Jessica Korneder ,Enjoy Life Set 4.txt,1,21,PLEASING,CONSUMING ,INCORRECT,35,21,15,75,Wed Apr 15 19:15:12 2015
Jessica Korneder ,Enjoy Life Set 4.txt,2,21,PLEASING,PLEASING ,CORRECT,35,21,15,75,Wed Apr 15 19:15:27 2015
Jessica Korneder ,Enjoy Life Set 4.txt,1,22,SATISFACTION,SATISFACTION ,CORRECT,35,22,16,76,Wed Apr 15 19:16:28 2015
Jessica Korneder ,Enjoy Life Set 4.txt,1,23,WITHOUT,WITHOUT ,CORRECT,35,23,17,77,Wed Apr 15 19:16:53 2015
Jessica Korneder ,Enjoy Life Set 4.txt,1,24,SAME,SAME,CORRECT,35,24,18,78,Wed Apr 15 19:17:11 2015
Jessica Korneder ,Enjoy Life Set 4.txt,1,25,SHOVE,SHOVE,CORRECT,35,25,19,79,Wed Apr 15 19:18:21 2015
Jessica Korneder ,Enjoy Life Set 4.txt,1,26,TOO,TOO,CORRECT,35,26,20,80,Wed Apr 15 19:19:07 2015
Jessica Korneder ,Enjoy Life Set 4.txt,1,27,DIRECT,DIRECT,CORRECT,35,27,21,81,Wed Apr 15 19:19:35 2015
Jessica Korneder ,Enjoy Life Set 4.txt,1,28,SATISFACTION,SATISFACTION,CORRECT,35,28,22,81,Wed Apr 15 19:20:32 2015
Jessica Korneder ,Enjoy Life Set 4.txt,1,29,TRUE,TRUE,CORRECT,35,29,23,82,Wed Apr 15 19:22:13 2015
Jessica Korneder ,Enjoy Life Set 4.txt,1,30,REPLACED,REPLACED,CORRECT,35,30,24,83,Wed Apr 15 19:22:26 2015
Jessica Korneder ,Enjoy Life Set 4.txt,1,31,DIRECT SECONDARY,DIRECT SECONDARY,CORRECT,35,31,25,83,Wed Apr 15 19:22:54 2015
Jessica Korneder ,Enjoy Life Set 4.txt,1,32,HABIT TRAP,HABIT  TRAP,INCORRECT,35,32,26,84,Wed Apr 15 19:23:49 2015
Jessica Korneder ,Enjoy Life Set 4.txt,2,32,HABIT TRAP,HABIT ,INCORRECT,35,32,26,84,Wed Apr 15 19:24:15 2015
Jessica Korneder ,Enjoy Life Set 4.txt,1,33,WOULD TRAP,WOULD TRAP ,CORRECT,35,33,26,81,Wed Apr 15 19:24:44 2015
Jessica Korneder ,Enjoy Life Set 4.txt,1,34,HAPPINESS,GOALS,INCORRECT,35,34,27,82,Wed Apr 15 19:25:25 2015
Jessica Korneder ,Enjoy Life Set 4.txt,1,35,HABITS,HABITS,CORRECT,35,35,27,79,Wed Apr 15 19:26:20 2015
Robert Stromer,Enjoy Life Set 4.txt,1,1,TRAPS,TRAPS,CORRECT,35,1,0,,Sat May 30 13:07:17 2015
Robert Stromer,Enjoy Life Set 4.txt,1,2,TRAPPED,TRAPED,INCORRECT,35,2,1,100,Sat May 30 13:07:31 2015
Robert Stromer,Enjoy Life Set 4.txt,1,3,SATISFACTION,SATISFACTION,CORRECT,35,3,1,50,Sat May 30 13:07:56 2015
Robert Stromer,Enjoy Life Set 4.txt,1,4,SATISFACTION SATISFACTION,SATISFACTION SATISFACTION,CORRECT,35,4,2,67,Sat May 30 13:08:23 2015
Robert Stromer,Enjoy Life Set 4.txt,1,5,PLEASING,PLEASING,CORRECT,35,5,3,75,Sat May 30 13:08:43 2015
Robert Stromer,Enjoy Life Set 4.txt,1,6,GOOD,GOOD,CORRECT,35,6,4,80,Sat May 30 13:09:11 2015
Robert Stromer,Enjoy Life Set 4.txt,1,7,CONSUMPTION,LIFE,INCORRECT,35,7,5,83,Sat May 30 13:10:13 2015
Robert Stromer,Enjoy Life Set 4.txt,2,7,HAPPINESS,HAPPINESS,CORRECT,35,7,5,83,Sat May 30 13:10:21 2015
Robert Stromer,Enjoy Life Set 4.txt,1,8,CONSUMPTION,CONSUMPTION,CORRECT,35,8,6,86,Sat May 30 13:10:29 2015
Robert Stromer,Enjoy Life Set 4.txt,1,9,COULD NOT,COULD NOT,CORRECT,35,9,7,88,Sat May 30 13:11:08 2015
Robert Stromer,Enjoy Life Set 4.txt,1,10,LOST,LOST,CORRECT,35,10,8,89,Sat May 30 13:11:25 2015
Robert Stromer,Enjoy Life Set 4.txt,1,11,MONEY,MONEY,CORRECT,35,11,9,90,Sat May 30 13:11:46 2015
Robert Stromer,Enjoy Life Set 4.txt,1,12,MONEY,MONEY,CORRECT,35,12,10,91,Sat May 30 13:12:01 2015
Robert Stromer,Enjoy Life Set 4.txt,1,13,SPECIAL-PURPOSE,SPECIAL-PURPOSE,CORRECT,35,13,11,92,Sat May 30 13:12:19 2015
Robert Stromer,Enjoy Life Set 4.txt,1,14,COULD NOT,COULD NOT,CORRECT,35,14,12,92,Sat May 30 13:12:31 2015
Robert Stromer,Enjoy Life Set 4.txt,1,15,MONEY,MONEY,CORRECT,35,15,13,93,Sat May 30 13:12:49 2015
Robert Stromer,Enjoy Life Set 4.txt,1,16,MONEY,MONEY,CORRECT,35,16,14,93,Sat May 30 13:12:58 2015
Robert Stromer,Enjoy Life Set 4.txt,1,17,WANT,WANT,CORRECT,35,17,15,94,Sat May 30 13:13:18 2015
Robert Stromer,Enjoy Life Set 4.txt,1,18,B,B,CORRECT,35,18,16,94,Sat May 30 13:13:40 2015
Robert Stromer,Enjoy Life Set 4.txt,1,19,MONEY,MONEY,CORRECT,35,19,17,94,Sat May 30 13:13:47 2015
Robert Stromer,Enjoy Life Set 4.txt,1,20,MASTER,MIRROR,INCORRECT,35,20,18,95,Sat May 30 13:14:27 2015
Robert Stromer,Enjoy Life Set 4.txt,2,20,MASTER,MEASURE,INCORRECT,35,20,18,95,Sat May 30 13:14:40 2015
Robert Stromer,Enjoy Life Set 4.txt,1,21,PLEASING,PLEASING,CORRECT,35,21,18,90,Sat May 30 13:15:05 2015
Robert Stromer,Enjoy Life Set 4.txt,1,22,SATISFACTION,SATISFACTION,CORRECT,35,22,19,90,Sat May 30 13:15:26 2015
Robert Stromer,Enjoy Life Set 4.txt,1,23,WITHOUT,WITHOUT,CORRECT,35,23,20,91,Sat May 30 13:15:35 2015
Robert Stromer,Enjoy Life Set 4.txt,1,24,SAME,SAME,CORRECT,35,24,21,91,Sat May 30 13:16:03 2015
Robert Stromer,Enjoy Life Set 4.txt,1,25,SHOVE,SHOVE,CORRECT,35,25,22,92,Sat May 30 13:16:15 2015
Robert Stromer,Enjoy Life Set 4.txt,1,26,TOO,TOO,CORRECT,35,26,23,92,Sat May 30 13:16:49 2015
Robert Stromer,Enjoy Life Set 4.txt,1,27,DIRECT,DIRECT,CORRECT,35,27,24,92,Sat May 30 13:17:06 2015
Robert Stromer,Enjoy Life Set 4.txt,1,28,SATISFACTION,SATISFACTION,CORRECT,35,28,25,93,Sat May 30 13:17:30 2015
Robert Stromer,Enjoy Life Set 4.txt,1,29,TRUE,TRUE,CORRECT,35,29,26,93,Sat May 30 13:17:48 2015
Robert Stromer,Enjoy Life Set 4.txt,1,30,REPLACED,REPLACED,CORRECT,35,30,27,93,Sat May 30 13:18:03 2015
Robert Stromer,Enjoy Life Set 4.txt,1,31,DIRECT SECONDARY,DIRECT SECONDARY,CORRECT,35,31,28,93,Sat May 30 13:19:22 2015
Robert Stromer,Enjoy Life Set 4.txt,1,32,HABIT TRAP,HABIT TRAP,CORRECT,35,32,29,94,Sat May 30 13:29:10 2015
Robert Stromer,Enjoy Life Set 4.txt,1,33,WOULD TRAP,WOULD TRAP,CORRECT,35,33,30,94,Sat May 30 13:29:53 2015
Robert Stromer,Enjoy Life Set 4.txt,1,34,HAPPINESS,HAPPINESS,CORRECT,35,34,31,94,Sat May 30 13:30:38 2015
Robert Stromer,Enjoy Life Set 4.txt,1,35,HABITS,HABITS,CORRECT,35,35,32,94,Sat May 30 13:32:20 2015
Joshua Deutchman,Enjoy Life Set 4.txt,1,1,TRAPS,TRAPS,CORRECT,35,1,0,,Thu Jul 30 21:22:19 2015
Joshua Deutchman,Enjoy Life Set 4.txt,1,2,TRAPPED,TRAPPED,CORRECT,35,2,1,100,Thu Jul 30 21:22:31 2015
Joshua Deutchman,Enjoy Life Set 4.txt,1,3,SATISFACTION,SATISFACTION,CORRECT,35,3,2,100,Thu Jul 30 21:23:25 2015
Joshua Deutchman,Enjoy Life Set 4.txt,1,4,SATISFACTION SATISFACTION,SATISFACTION PLEASURE,INCORRECT,35,4,3,100,Thu Jul 30 21:23:59 2015
Joshua Deutchman,Enjoy Life Set 4.txt,2,4,SATISFACTION SATISFACTION,SATISFACTION SATISFACTION,CORRECT,35,4,3,100,Thu Jul 30 21:24:14 2015
Joshua Deutchman,Enjoy Life Set 4.txt,1,5,PLEASING,THRILLS,INCORRECT,35,5,4,100,Thu Jul 30 21:25:59 2015
Joshua Deutchman,Enjoy Life Set 4.txt,1,6,GOOD,GOOD,CORRECT,35,6,4,80,Thu Jul 30 21:27:58 2015
Joshua Deutchman,Enjoy Life Set 4.txt,1,7,CONSUMPTION,SATISFACTION,INCORRECT,35,7,5,83,Thu Jul 30 21:28:22 2015
Joshua Deutchman,Enjoy Life Set 4.txt,2,7,CONSUMPTION,CONSUMPTION,CORRECT,35,7,5,83,Thu Jul 30 21:28:37 2015
Joshua Deutchman,Enjoy Life Set 4.txt,1,8,CONSUMPTION,CONSUMPTION,CORRECT,35,8,6,86,Thu Jul 30 21:28:46 2015
Joshua Deutchman,Enjoy Life Set 4.txt,1,9,COULD NOT,COULD NOT,CORRECT,35,9,7,88,Thu Jul 30 21:29:07 2015
Joshua Deutchman,Enjoy Life Set 4.txt,1,10,LOST,LOST,CORRECT,35,10,8,89,Thu Jul 30 21:29:17 2015
Joshua Deutchman,Enjoy Life Set 4.txt,1,11,MONEY,MONEY,CORRECT,35,11,9,90,Thu Jul 30 21:29:27 2015
Joshua Deutchman,Enjoy Life Set 4.txt,1,12,MONEY,PLEASURE,INCORRECT,35,12,10,91,Thu Jul 30 21:31:51 2015
Joshua Deutchman,Enjoy Life Set 4.txt,1,13,SPECIAL-PURPOSE,SPECIAL-PURPOSE,CORRECT,35,13,10,83,Thu Jul 30 21:32:43 2015
Joshua Deutchman,Enjoy Life Set 4.txt,1,14,COULD NOT,COULD NOT,CORRECT,35,14,11,85,Thu Jul 30 21:32:49 2015
Joshua Deutchman,Enjoy Life Set 4.txt,1,15,MONEY,MONEY,CORRECT,35,15,12,86,Thu Jul 30 21:32:55 2015
Joshua Deutchman,Enjoy Life Set 4.txt,1,16,MONEY,MONEY,CORRECT,35,16,13,87,Thu Jul 30 21:33:02 2015
Joshua Deutchman,Enjoy Life Set 4.txt,1,17,NEED,NEED,CORRECT,35,17,14,88,Thu Jul 30 21:33:31 2015
Joshua Deutchman,Enjoy Life Set 4.txt,1,18,B,B,CORRECT,35,18,15,88,Thu Jul 30 21:33:53 2015
Joshua Deutchman,Enjoy Life Set 4.txt,1,19,MONEY,MONEY,CORRECT,35,19,16,89,Thu Jul 30 21:34:00 2015
Joshua Deutchman,Enjoy Life Set 4.txt,1,20,MASTER,MASTER,CORRECT,35,20,17,89,Thu Jul 30 21:34:07 2015
Joshua Deutchman,Enjoy Life Set 4.txt,1,21,PLEASING,PLEASING,CORRECT,35,21,18,90,Thu Jul 30 21:34:28 2015
Joshua Deutchman,Enjoy Life Set 4.txt,1,22,SATISFACTION,SATISFACTION,CORRECT,35,22,19,90,Thu Jul 30 21:35:01 2015
Joshua Deutchman,Enjoy Life Set 4.txt,1,23,WITHOUT,WITHOUT,CORRECT,35,23,20,91,Thu Jul 30 21:35:10 2015
Joshua Deutchman,Enjoy Life Set 4.txt,1,24,SAME,SAME,CORRECT,35,24,21,91,Thu Jul 30 21:36:34 2015
Joshua Deutchman,Enjoy Life Set 4.txt,1,25,SHOVE,SHOVE,CORRECT,35,25,22,92,Thu Jul 30 21:38:00 2015
Joshua Deutchman,Enjoy Life Set 4.txt,1,26,TOO,TOO,CORRECT,35,26,23,92,Thu Jul 30 21:38:10 2015
Joshua Deutchman,Enjoy Life Set 4.txt,1,27,DIRECT,DIRECT,CORRECT,35,27,24,92,Thu Jul 30 21:38:39 2015
Joshua Deutchman,Enjoy Life Set 4.txt,1,28,SATISFACTION,SATISFACTION,CORRECT,35,28,25,93,Thu Jul 30 21:39:10 2015
Joshua Deutchman,Enjoy Life Set 4.txt,1,29,TRUE,TRUE,CORRECT,35,29,26,93,Thu Jul 30 21:39:39 2015
Joshua Deutchman,Enjoy Life Set 4.txt,1,30,REPLACED,REPLACED,CORRECT,35,30,27,93,Thu Jul 30 21:39:50 2015
Joshua Deutchman,Enjoy Life Set 4.txt,1,31,DIRECT SECONDARY,DIRECT SECONDARY,CORRECT,35,31,28,93,Thu Jul 30 21:40:15 2015
Joshua Deutchman,Enjoy Life Set 4.txt,1,32,HABIT TRAP,HABIT TRAP,CORRECT,35,32,29,94,Thu Jul 30 21:41:52 2015
Joshua Deutchman,Enjoy Life Set 4.txt,1,33,WOULD TRAP,WOULD TRAP,CORRECT,35,33,30,94,Thu Jul 30 21:42:40 2015
Joshua Deutchman,Enjoy Life Set 4.txt,1,34,HAPPINESS,HAPPINESS,CORRECT,35,34,31,94,Thu Jul 30 21:43:24 2015
Joshua Deutchman,Enjoy Life Set 4.txt,1,35,HABITS,HABITS,CORRECT,35,35,32,94,Thu Jul 30 21:51:49 2015
