Clodagh Murray,Enjoy Life Set Two.txt,86,37,37,32
Frances Perrin,Enjoy Life Set Two.txt,89,37,37,33
Nancy Salinas,Enjoy Life Set Two.txt,95,37,37,35
Mindy Newhouse,Enjoy Life Set Two.txt,86,37,37,32
Kelly McElrath,Enjoy Life Set Two.txt,73,37,37,27
Josephine Southwick,Enjoy Life Set Two.txt,86,37,37,32
Chris Perrin,Enjoy Life Set Two.txt,78,37,37,29
Todd McKerchar,Enjoy Life Set Two.txt,84,37,37,31
Nicole Groskreutz,Enjoy Life Set Two.txt,92,37,37,34
Paige McKerchar,Enjoy Life Set Two.txt,84,37,37,31
Danielle Gureghian,Enjoy Life Set Two.txt,78,37,37,29
Maryann Le,Enjoy Life Set Two.txt,78,37,37,29
Kelly Montiel,Enjoy Life Set Two.txt,86,37,37,32
Marilee Cuthbert,Enjoy Life Set Two.txt,78,37,37,29
Ana Carolina Sella,Enjoy Life Set Two.txt,84,37,37,31
Nancy Rosenberg,Enjoy Life Set Two.txt,92,37,37,34
Liz Damiano,Enjoy Life Set Two.txt,92,37,37,34
Annie Galizio,Enjoy Life Set Two.txt,86,37,37,32
Mark Ammer,Enjoy Life Set Two.txt,76,37,37,28
Penelope Schenkkan,Enjoy Life Set Two.txt,89,37,37,33
Bryan Droesch ,Enjoy Life Set Two.txt,86,37,37,32
Bryant Silbaugh,Enjoy Life Set Two.txt,89,37,37,33
Kristin P,Enjoy Life Set Two.txt,97,37,37,36
Kristy party ,Enjoy Life Set Two.txt,78,37,37,29
Kay Rose ,Enjoy Life Set Two.txt,76,37,37,28
Gary Dawson,Enjoy Life Set Two.txt,78,37,37,29
Nick Lowther,Enjoy Life Set Two.txt,95,37,37,35
Voula Smith,Enjoy Life Set Two.txt,86,37,37,32
Kevin Murdock,Enjoy Life Set Two.txt,86,37,37,32
Shawn Happe,Enjoy Life Set Two.txt,95,37,37,35
Liz Damiano,Enjoy Life Set Two.txt,100,37,37,37
Bostowtest,Enjoy Life Set Two.txt,100,37,37,37
Laura Grubb,Enjoy Life Set Two.txt,84,37,37,31
Nicole Groskreutz,Enjoy Life Set Two.txt,95,37,37,35
Laura Stacey,Enjoy Life Set Two.txt,95,37,37,35
John Lloyd,Enjoy Life Set Two.txt,89,37,37,33
corey jo lloyd,Enjoy Life Set Two.txt,92,37,37,34
