Michael,Enjoy Life Set 4.txt,94,35,35,33
Brantley Jarvis,Enjoy Life Set 4.txt,86,35,35,30
Marilee Cuthbert,Enjoy Life Set 4.txt,83,35,35,29
Liz Damiano,Enjoy Life Set 4.txt,94,35,35,33
Nick Lowther,Enjoy Life Set 4.txt,97,35,35,34
Penelope Schenkkan,Enjoy Life Set 4.txt,94,35,35,33
Voula Smith,Enjoy Life Set 4.txt,91,35,35,32
Jessica Korneder ,Enjoy Life Set 4.txt,80,35,35,28
Robert Stromer,Enjoy Life Set 4.txt,94,35,35,33
Joshua Deutchman,Enjoy Life Set 4.txt,94,35,35,33
