Robert Stromer,Enjoy Life Set 1 Orientation.txt,90,20,20,18
Julie Vargas,Enjoy Life Set 1 Orientation.txt,90,20,20,18
Skinner Foundation,Enjoy Life Set 1 Orientation.txt,95,20,20,19
Robert Stromer,Enjoy Life Set 1 Orientation.txt,95,20,20,19
Scott Abrahamsen,Enjoy Life Set 1 Orientation.txt,80,20,20,16
Joshua Deutchman,Enjoy Life Set 1 Orientation.txt,100,20,20,20
darrel,Enjoy Life Set 1 Orientation.txt,95,20,20,19
Sigrid Glenn,Enjoy Life Set 1 Orientation.txt,90,20,20,18
Rebekah Pavlik,Enjoy Life Set 1 Orientation.txt,100,20,20,20
Zachary Birkenheuer,Enjoy Life Set 1 Orientation.txt,85,20,20,17
Richard Damiano,Enjoy Life Set 1 Orientation.txt,85,20,20,17
Katie Nicholson,Enjoy Life Set 1 Orientation.txt,80,20,20,16
Phillip Grace,Enjoy Life Set 1 Orientation.txt,95,20,20,19
Madison Smith ,Enjoy Life Set 1 Orientation.txt,95,20,20,19
Thom Ratkos,Enjoy Life Set 1 Orientation.txt,95,20,20,19
Mary Blaise Turgeon,Enjoy Life Set 1 Orientation.txt,90,20,20,18
Paul Tee,Enjoy Life Set 1 Orientation.txt,100,20,20,20
Eliott Hockey,Enjoy Life Set 1 Orientation.txt,100,20,20,20
Ivy Janz,Enjoy Life Set 1 Orientation.txt,95,20,20,19
Kevin Matlock,Enjoy Life Set 1 Orientation.txt,90,20,20,18
Hannah Star,Enjoy Life Set 1 Orientation.txt,80,20,20,16
Joe,Enjoy Life Set 1 Orientation.txt,95,20,20,19
Mikenzie Lee Tremblay ,Enjoy Life Set 1 Orientation.txt,100,20,20,20
Bostow,Enjoy Life Set 1 Orientation.txt,100,20,20,20
Allison Gast,Enjoy Life Set 1 Orientation.txt,100,20,20,20
Polina ,Enjoy Life Set 1 Orientation.txt,80,20,20,16
Darrel E. Bostow August 14,Enjoy Life Set 1 Orientation.txt,100,20,20,20
Mark McKenney,Enjoy Life Set 1 Orientation.txt,90,20,20,18
George Mortimer,Enjoy Life Set 1 Orientation.txt,95,20,20,19
Rylan Moore,Enjoy Life Set 1 Orientation.txt,100,20,20,20
Kendall Warner ,Enjoy Life Set 1 Orientation.txt,85,20,20,17
witheelc,Enjoy Life Set 1 Orientation.txt,85,20,20,17
Elizabeth Tatlow,Enjoy Life Set 1 Orientation.txt,95,20,20,19
Maili Morales,Enjoy Life Set 1 Orientation.txt,95,20,20,19
Madeline Burke,Enjoy Life Set 1 Orientation.txt,90,20,20,18
123,Enjoy Life Set 1 Orientation.txt,55,20,20,11
nick,Enjoy Life Set 1 Orientation.txt,30,20,20,6
Kevin - smartphone test,Enjoy Life Set 1 Orientation.txt,95,20,20,19
Michael,Enjoy Life Set 1 Orientation.txt,95,20,20,19,Fri Dec 16 20:45:22 2016
